a
b
b
c
.. Last line repeated 3 times
d
.. Last line repeated 4 times
