a TEST 1
.. 2 more lines are pretty similar
d TEST' 4
d TEST' 4
