a
b
c
.. Last line repeated 3 times
d TEST 1
.. 2 more lines are pretty similar
d TEST 100
e
f
f
g
h TEST 4
.. 2 more lines are pretty similar
k TEST' 7
.. 3 more lines are pretty similar
